C:\Users\anesh\Documents\ownCode\Andeo\Backend\SoureCode\src\main\java\ah\com\backend\Config\DataConfig.java
C:\Users\anesh\Documents\ownCode\Andeo\Backend\SoureCode\src\main\java\ah\com\backend\Model\UserData.java
C:\Users\anesh\Documents\ownCode\Andeo\Backend\SoureCode\src\main\java\ah\com\backend\Persistence\UserDataRepository.java
C:\Users\anesh\Documents\ownCode\Andeo\Backend\SoureCode\src\main\java\ah\com\backend\Service\UserDataService.java
C:\Users\anesh\Documents\ownCode\Andeo\Backend\SoureCode\src\main\java\ah\com\backend\Model\ReturnMessage.java
C:\Users\anesh\Documents\ownCode\Andeo\Backend\SoureCode\src\main\java\ah\com\backend\BackendApplication.java
C:\Users\anesh\Documents\ownCode\Andeo\Backend\SoureCode\src\main\java\ah\com\backend\Model\Sentence.java
C:\Users\anesh\Documents\ownCode\Andeo\Backend\SoureCode\src\main\java\ah\com\backend\ViewLayer\UserDataController.java
C:\Users\anesh\Documents\ownCode\Andeo\Backend\SoureCode\src\main\java\ah\com\backend\Service\SentenceService.java
C:\Users\anesh\Documents\ownCode\Andeo\Backend\SoureCode\src\main\java\ah\com\backend\ViewLayer\SentenceController.java
C:\Users\anesh\Documents\ownCode\Andeo\Backend\SoureCode\src\main\java\ah\com\backend\Persistence\SentenceRepository.java
